../Middlewares/Third_Party/lvgl/src/display/../display/../core/../misc/../font/../draw/../misc/../stdlib/lv_string.h:73:20:lv_memzero	16	static
../Middlewares/Third_Party/lvgl/src/display/lv_display.c:62:16:lv_display_create	40	static
../Middlewares/Third_Party/lvgl/src/display/lv_display.c:165:6:lv_display_delete	24	static
../Middlewares/Third_Party/lvgl/src/display/lv_display.c:221:6:lv_display_set_default	16	static
../Middlewares/Third_Party/lvgl/src/display/lv_display.c:226:16:lv_display_get_default	4	static
../Middlewares/Third_Party/lvgl/src/display/lv_display.c:231:16:lv_display_get_next	16	static
../Middlewares/Third_Party/lvgl/src/display/lv_display.c:243:6:lv_display_set_resolution	24	static
../Middlewares/Third_Party/lvgl/src/display/lv_display.c:256:6:lv_display_set_physical_resolution	24	static
../Middlewares/Third_Party/lvgl/src/display/lv_display.c:268:6:lv_display_set_offset	24	static
../Middlewares/Third_Party/lvgl/src/display/lv_display.c:280:6:lv_display_set_dpi	16	static
../Middlewares/Third_Party/lvgl/src/display/lv_display.c:288:9:lv_display_get_horizontal_resolution	16	static
../Middlewares/Third_Party/lvgl/src/display/lv_display.c:306:9:lv_display_get_vertical_resolution	16	static
../Middlewares/Third_Party/lvgl/src/display/lv_display.c:324:9:lv_display_get_physical_horizontal_resolution	16	static
../Middlewares/Third_Party/lvgl/src/display/lv_display.c:342:9:lv_display_get_physical_vertical_resolution	16	static
../Middlewares/Third_Party/lvgl/src/display/lv_display.c:360:9:lv_display_get_offset_x	16	static
../Middlewares/Third_Party/lvgl/src/display/lv_display.c:381:9:lv_display_get_offset_y	16	static
../Middlewares/Third_Party/lvgl/src/display/lv_display.c:402:9:lv_display_get_dpi	16	static
../Middlewares/Third_Party/lvgl/src/display/lv_display.c:413:6:lv_display_set_draw_buffers	24	static
../Middlewares/Third_Party/lvgl/src/display/lv_display.c:423:6:lv_display_set_buffers	56	static
../Middlewares/Third_Party/lvgl/src/display/lv_display.c:454:6:lv_display_set_render_mode	16	static
../Middlewares/Third_Party/lvgl/src/display/lv_display.c:461:6:lv_display_set_flush_cb	16	static
../Middlewares/Third_Party/lvgl/src/display/lv_display.c:469:6:lv_display_set_flush_wait_cb	16	static
../Middlewares/Third_Party/lvgl/src/display/lv_display.c:477:6:lv_display_set_color_format	16	static
../Middlewares/Third_Party/lvgl/src/display/lv_display.c:490:19:lv_display_get_color_format	16	static
../Middlewares/Third_Party/lvgl/src/display/lv_display.c:498:6:lv_display_set_tile_cnt	16	static
../Middlewares/Third_Party/lvgl/src/display/lv_display.c:508:10:lv_display_get_tile_cnt	16	static
../Middlewares/Third_Party/lvgl/src/display/lv_display.c:516:6:lv_display_set_antialiasing	16	static
../Middlewares/Third_Party/lvgl/src/display/lv_display.c:524:6:lv_display_get_antialiasing	16	static
../Middlewares/Third_Party/lvgl/src/display/lv_display.c:532:31:lv_display_flush_ready	16	static
../Middlewares/Third_Party/lvgl/src/display/lv_display.c:537:31:lv_display_flush_is_last	16	static
../Middlewares/Third_Party/lvgl/src/display/lv_display.c:542:6:lv_display_is_double_buffered	16	static
../Middlewares/Third_Party/lvgl/src/display/lv_display.c:551:12:lv_display_get_screen_active	16	static
../Middlewares/Third_Party/lvgl/src/display/lv_display.c:562:12:lv_display_get_screen_prev	16	static
../Middlewares/Third_Party/lvgl/src/display/lv_display.c:573:12:lv_display_get_layer_top	16	static
../Middlewares/Third_Party/lvgl/src/display/lv_display.c:584:12:lv_display_get_layer_sys	16	static
../Middlewares/Third_Party/lvgl/src/display/lv_display.c:595:12:lv_display_get_layer_bottom	16	static
../Middlewares/Third_Party/lvgl/src/display/lv_display.c:606:6:lv_screen_load	24	static
../Middlewares/Third_Party/lvgl/src/display/lv_display.c:611:6:lv_screen_load_anim	208	static
../Middlewares/Third_Party/lvgl/src/display/lv_display.c:759:6:lv_display_add_event_cb	24	static
../Middlewares/Third_Party/lvgl/src/display/lv_display.c:766:10:lv_display_get_event_count	16	static
../Middlewares/Third_Party/lvgl/src/display/lv_display.c:772:18:lv_display_get_event_dsc	16	static
../Middlewares/Third_Party/lvgl/src/display/lv_display.c:779:6:lv_display_delete_event	16	static
../Middlewares/Third_Party/lvgl/src/display/lv_display.c:786:10:lv_display_remove_event_cb_with_user_data	40	static
../Middlewares/Third_Party/lvgl/src/display/lv_display.c:805:13:lv_display_send_event	56	static
../Middlewares/Third_Party/lvgl/src/display/lv_display.c:824:6:lv_display_set_rotation	16	static
../Middlewares/Third_Party/lvgl/src/display/lv_display.c:833:23:lv_display_get_rotation	16	static
../Middlewares/Third_Party/lvgl/src/display/lv_display.c:840:6:lv_display_set_theme	16	static
../Middlewares/Third_Party/lvgl/src/display/lv_display.c:858:14:lv_display_get_theme	16	static
../Middlewares/Third_Party/lvgl/src/display/lv_display.c:864:10:lv_display_get_inactive_time	32	static
../Middlewares/Third_Party/lvgl/src/display/lv_display.c:880:6:lv_display_trigger_activity	16	static
../Middlewares/Third_Party/lvgl/src/display/lv_display.c:891:6:lv_display_enable_invalidation	16	static
../Middlewares/Third_Party/lvgl/src/display/lv_display.c:902:6:lv_display_is_invalidation_enabled	16	static
../Middlewares/Third_Party/lvgl/src/display/lv_display.c:913:14:lv_display_get_refr_timer	16	static
../Middlewares/Third_Party/lvgl/src/display/lv_display.c:921:6:lv_display_delete_refr_timer	16	static
../Middlewares/Third_Party/lvgl/src/display/lv_display.c:930:6:lv_display_set_user_data	16	static
../Middlewares/Third_Party/lvgl/src/display/lv_display.c:937:6:lv_display_set_driver_data	16	static
../Middlewares/Third_Party/lvgl/src/display/lv_display.c:945:8:lv_display_get_user_data	16	static
../Middlewares/Third_Party/lvgl/src/display/lv_display.c:952:8:lv_display_get_driver_data	16	static
../Middlewares/Third_Party/lvgl/src/display/lv_display.c:960:17:lv_display_get_buf_active	16	static
../Middlewares/Third_Party/lvgl/src/display/lv_display.c:967:6:lv_display_rotate_area	32	static
../Middlewares/Third_Party/lvgl/src/display/lv_display.c:998:12:lv_screen_active	8	static
../Middlewares/Third_Party/lvgl/src/display/lv_display.c:1003:12:lv_layer_top	8	static
../Middlewares/Third_Party/lvgl/src/display/lv_display.c:1008:12:lv_layer_sys	8	static
../Middlewares/Third_Party/lvgl/src/display/lv_display.c:1013:12:lv_layer_bottom	8	static
../Middlewares/Third_Party/lvgl/src/display/lv_display.c:1018:9:lv_dpx	16	static
../Middlewares/Third_Party/lvgl/src/display/lv_display.c:1023:9:lv_display_dpx	16	static
../Middlewares/Third_Party/lvgl/src/display/lv_display.c:1032:13:update_resolution	48	static
../Middlewares/Third_Party/lvgl/src/display/lv_display.c:1068:31:invalidate_layout_cb	16	static
../Middlewares/Third_Party/lvgl/src/display/lv_display.c:1075:13:scr_load_internal	24	static
../Middlewares/Third_Party/lvgl/src/display/lv_display.c:1098:13:scr_load_anim_start	24	static
../Middlewares/Third_Party/lvgl/src/display/lv_display.c:1108:13:opa_scale_anim	16	static
../Middlewares/Third_Party/lvgl/src/display/lv_display.c:1113:13:set_x_anim	16	static
../Middlewares/Third_Party/lvgl/src/display/lv_display.c:1118:13:set_y_anim	16	static
../Middlewares/Third_Party/lvgl/src/display/lv_display.c:1123:13:scr_anim_completed	24	static
../Middlewares/Third_Party/lvgl/src/display/lv_display.c:1138:13:is_out_anim	16	static
../Middlewares/Third_Party/lvgl/src/display/lv_display.c:1147:13:disp_event_cb	24	static
