../Drivers/CMSIS/Include/core_cm4.h:2064:26:ITM_SendChar	16	static,ignoring_inline_asm
../Core/Src/main.c:131:5:_write	32	static
../Core/Src/main.c:151:5:main	128	static
../Core/Src/main.c:242:6:SystemClock_Config	88	static
../Core/Src/main.c:289:13:MX_ADC1_Init	24	static
../Core/Src/main.c:341:13:MX_I2C1_Init	8	static
../Core/Src/main.c:375:13:MX_SPI1_Init	8	static
../Core/Src/main.c:411:13:MX_DMA_Init	16	static
../Core/Src/main.c:436:13:MX_GPIO_Init	48	static
../Core/Src/main.c:514:6:lcd_color_transfer_ready_cb	16	static
../Core/Src/main.c:523:16:lcd_io_init	8	static
../Core/Src/main.c:541:13:lcd_send_cmd	24	static
../Core/Src/main.c:566:13:lcd_send_color	24	static
../Core/Src/main.c:629:6:getColor	56	static
../Core/Src/main.c:661:6:get_rgb565_color	24	static
../Core/Src/main.c:670:6:update_image_data_scaled_bilinear	128	static
../Core/Src/main.c:719:6:LVGL_Task	248	static
../Core/Src/main.c:881:6:MLX90640_Task	16	static
../Core/Src/main.c:937:6:ADC_Task	32	static
../Core/Src/main.c:972:6:StartDefaultTask	16	static
../Core/Src/main.c:993:6:HAL_TIM_PeriodElapsedCallback	16	static
../Core/Src/main.c:1010:6:Error_Handler	4	static,ignoring_inline_asm
