../Middlewares/Third_Party/lvgl/src/draw/sw/lv_draw_sw.c:164:6:lv_draw_sw_init	16	static
../Middlewares/Third_Party/lvgl/src/draw/sw/lv_draw_sw.c:189:6:lv_draw_sw_deinit	8	static
../Middlewares/Third_Party/lvgl/src/draw/sw/lv_draw_sw.c:200:16:lv_draw_sw_delete	16	static
../Middlewares/Third_Party/lvgl/src/draw/sw/lv_draw_sw.c:219:6:lv_draw_sw_rgb565_swap	32	static
../Middlewares/Third_Party/lvgl/src/draw/sw/lv_draw_sw.c:253:6:lv_draw_sw_i1_invert	32	static
../Middlewares/Third_Party/lvgl/src/draw/sw/lv_draw_sw.c:284:6:lv_draw_sw_rotate	32	static
../Middlewares/Third_Party/lvgl/src/draw/sw/lv_draw_sw.c:381:20:execute_drawing_unit	16	static
../Middlewares/Third_Party/lvgl/src/draw/sw/lv_draw_sw.c:392:16:evaluate	24	static
../Middlewares/Third_Party/lvgl/src/draw/sw/lv_draw_sw.c:430:16:dispatch	32	static
../Middlewares/Third_Party/lvgl/src/draw/sw/lv_draw_sw.c:499:13:execute_drawing	24	static
../Middlewares/Third_Party/lvgl/src/draw/sw/lv_draw_sw.c:596:13:rotate270_argb8888	40	static
../Middlewares/Third_Party/lvgl/src/draw/sw/lv_draw_sw.c:617:13:rotate180_argb8888	40	static
../Middlewares/Third_Party/lvgl/src/draw/sw/lv_draw_sw.c:637:13:rotate90_argb8888	40	static
../Middlewares/Third_Party/lvgl/src/draw/sw/lv_draw_sw.c:661:13:rotate90_rgb888	40	static
../Middlewares/Third_Party/lvgl/src/draw/sw/lv_draw_sw.c:680:13:rotate180_rgb888	40	static
../Middlewares/Third_Party/lvgl/src/draw/sw/lv_draw_sw.c:698:13:rotate270_rgb888	40	static
../Middlewares/Third_Party/lvgl/src/draw/sw/lv_draw_sw.c:720:13:rotate270_rgb565	40	static
../Middlewares/Third_Party/lvgl/src/draw/sw/lv_draw_sw.c:741:13:rotate180_rgb565	40	static
../Middlewares/Third_Party/lvgl/src/draw/sw/lv_draw_sw.c:760:13:rotate90_rgb565	40	static
../Middlewares/Third_Party/lvgl/src/draw/sw/lv_draw_sw.c:786:13:rotate90_l8	40	static
../Middlewares/Third_Party/lvgl/src/draw/sw/lv_draw_sw.c:804:13:rotate180_l8	40	static
../Middlewares/Third_Party/lvgl/src/draw/sw/lv_draw_sw.c:820:13:rotate270_l8	40	static
